<?xml version="1.0" encoding="UTF-8"?>
<testsuites name="jest tests" tests="75" failures="24" time="4.7">
  <testsuite name="checkConnectivityInterval" errors="0" failures="0" skipped="0" timestamp="2019-02-21T00:28:35" time="2.785" tests="4">
    <testcase classname="checkConnectivityInterval setup sets an interval if checkConnectionInterval is higher than 0" name="checkConnectivityInterval setup sets an interval if checkConnectionInterval is higher than 0" time="0.006">
    </testcase>
    <testcase classname="checkConnectivityInterval setup does nothing if checkConnectionInterval is NOT higher than 0" name="checkConnectivityInterval setup does nothing if checkConnectionInterval is NOT higher than 0" time="0.001">
    </testcase>
    <testcase classname="checkConnectivityInterval clear clears the interval if there was one active" name="checkConnectivityInterval clear clears the interval if there was one active" time="0.001">
    </testcase>
    <testcase classname="checkConnectivityInterval clear does nothing if NO previous interval was set" name="checkConnectivityInterval clear does nothing if NO previous interval was set" time="0">
    </testcase>
  </testsuite>
  <testsuite name="unknown action type" errors="0" failures="0" skipped="0" timestamp="2019-02-21T00:28:35" time="2.797" tests="16">
    <testcase classname="unknown action type returns prevState on initialization" name="unknown action type returns prevState on initialization" time="0.005">
    </testcase>
    <testcase classname="unknown action type returns prevState if the action is not handled" name="unknown action type returns prevState if the action is not handled" time="0">
    </testcase>
    <testcase classname="CONNECTION_CHANGE action type changes isConnected state properly" name="CONNECTION_CHANGE action type changes isConnected state properly" time="0">
    </testcase>
    <testcase classname="OFFLINE_ACTION action type meta.retry !== true should NOT add the action to the queue" name="OFFLINE_ACTION action type meta.retry !== true should NOT add the action to the queue" time="0.002">
    </testcase>
    <testcase classname="OFFLINE_ACTION action type meta.retry === true actions with DIFFERENT type actions are pushed into the queue in order of arrival" name="OFFLINE_ACTION action type meta.retry === true actions with DIFFERENT type actions are pushed into the queue in order of arrival" time="0.003">
    </testcase>
    <testcase classname="OFFLINE_ACTION action type meta.retry === true actions with the same type should remove the action and add it back at the end of the queue
   if the action has the same payload" name="OFFLINE_ACTION action type meta.retry === true actions with the same type should remove the action and add it back at the end of the queue
   if the action has the same payload" time="0.001">
    </testcase>
    <testcase classname="OFFLINE_ACTION action type meta.retry === true actions with the same type should push the action if the payload is different" name="OFFLINE_ACTION action type meta.retry === true actions with the same type should push the action if the payload is different" time="0">
    </testcase>
    <testcase classname="REMOVE_ACTION_FROM_QUEUE action type removes the action from the queue properly" name="REMOVE_ACTION_FROM_QUEUE action type removes the action from the queue properly" time="0.001">
    </testcase>
    <testcase classname="thunks FETCH_OFFLINE_MODE action type action with meta.retry !== true should NOT add the action to the queue" name="thunks FETCH_OFFLINE_MODE action type action with meta.retry !== true should NOT add the action to the queue" time="0.001">
    </testcase>
    <testcase classname="thunks FETCH_OFFLINE_MODE action type action with meta.retry === true should add the action to the queue if the thunk is different" name="thunks FETCH_OFFLINE_MODE action type action with meta.retry === true should add the action to the queue if the thunk is different" time="0">
    </testcase>
    <testcase classname="thunks FETCH_OFFLINE_MODE action type action with meta.retry === true should remove the thunk and add it back at the end of the queue
      if it presents the same shape" name="thunks FETCH_OFFLINE_MODE action type action with meta.retry === true should remove the thunk and add it back at the end of the queue
      if it presents the same shape" time="0.001">
    </testcase>
    <testcase classname="thunks REMOVE_ACTION_FROM_QUEUE action type removes the thunk from the queue properly" name="thunks REMOVE_ACTION_FROM_QUEUE action type removes the thunk from the queue properly" time="0">
    </testcase>
    <testcase classname="dismiss feature NAVIGATE_BACK dispatched, dismissing 1 action" name="dismiss feature NAVIGATE_BACK dispatched, dismissing 1 action" time="0.001">
    </testcase>
    <testcase classname="dismiss feature NAVIGATE_TO_LOGIN dispatched, dismissing 2 actions" name="dismiss feature NAVIGATE_TO_LOGIN dispatched, dismissing 2 actions" time="0">
    </testcase>
    <testcase classname="dismiss feature Any other action dispatched, no changes (although the middleware won&apos;t allow that)" name="dismiss feature Any other action dispatched, no changes (although the middleware won&apos;t allow that)" time="0">
    </testcase>
    <testcase classname="networkSelector returns the correct shape" name="networkSelector returns the correct shape" time="0">
    </testcase>
  </testsuite>
  <testsuite name="getSimilarActionInQueue" errors="0" failures="0" skipped="0" timestamp="2019-02-21T00:28:35" time="2.831" tests="5">
    <testcase classname="getSimilarActionInQueue action is an object should return the action enqueued if it presents the same shape than some action passed" name="getSimilarActionInQueue action is an object should return the action enqueued if it presents the same shape than some action passed" time="0.005">
    </testcase>
    <testcase classname="getSimilarActionInQueue action is an object should return undefined if the action enqueued does NOT present the same shape than the action passed" name="getSimilarActionInQueue action is an object should return undefined if the action enqueued does NOT present the same shape than the action passed" time="0.001">
    </testcase>
    <testcase classname="getSimilarActionInQueue action is a thunk should return the thunk enqueued if
     it presents the same shape than the thunk passed" name="getSimilarActionInQueue action is a thunk should return the thunk enqueued if
     it presents the same shape than the thunk passed" time="0.001">
    </testcase>
    <testcase classname="getSimilarActionInQueue action is a thunk should return undefined if the thunk enqueued
     does NOT present the same shape than the thunk passed" name="getSimilarActionInQueue action is a thunk should return undefined if the thunk enqueued
     does NOT present the same shape than the thunk passed" time="0">
    </testcase>
    <testcase classname="getSimilarActionInQueue returns undefined if action JS type is something different" name="getSimilarActionInQueue returns undefined if action JS type is something different" time="0">
    </testcase>
  </testsuite>
  <testsuite name="makeHttpRequest" errors="0" failures="6" skipped="0" timestamp="2019-02-21T00:28:35" time="2.83" tests="6">
    <testcase classname="makeHttpRequest sets up the XMLHttpRequest configuration properly" name="makeHttpRequest sets up the XMLHttpRequest configuration properly" time="0.01">
      <failure>TypeError: (0 , _makeHttpRequest.makeHttpRequest) is not a function
    at Object._callee$ (/Users/jesse/github/rgommezz/react-native-offline/test/makeHttpRequest.test.ts:87:50)
    at tryCatch (/Users/jesse/github/rgommezz/react-native-offline/node_modules/regenerator-runtime/runtime.js:62:40)
    at Generator.invoke [as _invoke] (/Users/jesse/github/rgommezz/react-native-offline/node_modules/regenerator-runtime/runtime.js:288:22)
    at Generator.prototype.(anonymous function) [as next] (/Users/jesse/github/rgommezz/react-native-offline/node_modules/regenerator-runtime/runtime.js:114:21)
    at tryCatch (/Users/jesse/github/rgommezz/react-native-offline/node_modules/regenerator-runtime/runtime.js:62:40)
    at invoke (/Users/jesse/github/rgommezz/react-native-offline/node_modules/regenerator-runtime/runtime.js:152:20)
    at /Users/jesse/github/rgommezz/react-native-offline/node_modules/regenerator-runtime/runtime.js:187:11
    at tryCallTwo (/Users/jesse/github/rgommezz/react-native-offline/node_modules/promise/lib/core.js:45:5)
    at doResolve (/Users/jesse/github/rgommezz/react-native-offline/node_modules/promise/lib/core.js:200:13)
    at new Promise (/Users/jesse/github/rgommezz/react-native-offline/node_modules/promise/lib/core.js:66:3)</failure>
    </testcase>
    <testcase classname="makeHttpRequest default parameters" name="makeHttpRequest default parameters" time="0.001">
      <failure>TypeError: (0 , _makeHttpRequest.makeHttpRequest) is not a function
    at Object.&lt;anonymous&gt; (/Users/jesse/github/rgommezz/react-native-offline/test/makeHttpRequest.test.ts:105:42)
    at Object.asyncJestTest (/Users/jesse/github/rgommezz/react-native-offline/node_modules/jest-jasmine2/build/jasmine_async.js:108:37)
    at resolve (/Users/jesse/github/rgommezz/react-native-offline/node_modules/jest-jasmine2/build/queue_runner.js:56:12)
    at new Promise (&lt;anonymous&gt;)
    at mapper (/Users/jesse/github/rgommezz/react-native-offline/node_modules/jest-jasmine2/build/queue_runner.js:43:19)
    at promise.then (/Users/jesse/github/rgommezz/react-native-offline/node_modules/jest-jasmine2/build/queue_runner.js:87:41)
    at process._tickCallback (internal/process/next_tick.js:68:7)</failure>
    </testcase>
    <testcase classname="makeHttpRequest onload resolves the promise if status is 2xx or 3xx" name="makeHttpRequest onload resolves the promise if status is 2xx or 3xx" time="0">
      <failure>TypeError: (0 , _makeHttpRequest.makeHttpRequest) is not a function
    at Object._callee2$ (/Users/jesse/github/rgommezz/react-native-offline/test/makeHttpRequest.test.ts:116:52)
    at tryCatch (/Users/jesse/github/rgommezz/react-native-offline/node_modules/regenerator-runtime/runtime.js:62:40)
    at Generator.invoke [as _invoke] (/Users/jesse/github/rgommezz/react-native-offline/node_modules/regenerator-runtime/runtime.js:288:22)
    at Generator.prototype.(anonymous function) [as next] (/Users/jesse/github/rgommezz/react-native-offline/node_modules/regenerator-runtime/runtime.js:114:21)
    at tryCatch (/Users/jesse/github/rgommezz/react-native-offline/node_modules/regenerator-runtime/runtime.js:62:40)
    at invoke (/Users/jesse/github/rgommezz/react-native-offline/node_modules/regenerator-runtime/runtime.js:152:20)
    at /Users/jesse/github/rgommezz/react-native-offline/node_modules/regenerator-runtime/runtime.js:187:11
    at tryCallTwo (/Users/jesse/github/rgommezz/react-native-offline/node_modules/promise/lib/core.js:45:5)
    at doResolve (/Users/jesse/github/rgommezz/react-native-offline/node_modules/promise/lib/core.js:200:13)
    at new Promise (/Users/jesse/github/rgommezz/react-native-offline/node_modules/promise/lib/core.js:66:3)</failure>
    </testcase>
    <testcase classname="makeHttpRequest onload rejects the promise if status is 4xx or 5xx" name="makeHttpRequest onload rejects the promise if status is 4xx or 5xx" time="0.007">
      <failure>Error: expect(received).toEqual(expected)

Expected value to equal:
  {&quot;status&quot;: 403}
Received:
  [TypeError: (0 , _makeHttpRequest.makeHttpRequest) is not a function]

Difference:

- Expected
+ Received

- Object {
-   &quot;status&quot;: 403,
- }
+ [TypeError: (0 , _makeHttpRequest.makeHttpRequest) is not a function]
    at Object._callee3$ (/Users/jesse/github/rgommezz/react-native-offline/test/makeHttpRequest.test.ts:138:36)
    at tryCatch (/Users/jesse/github/rgommezz/react-native-offline/node_modules/regenerator-runtime/runtime.js:62:40)
    at Generator.invoke [as _invoke] (/Users/jesse/github/rgommezz/react-native-offline/node_modules/regenerator-runtime/runtime.js:288:22)
    at Generator.prototype.(anonymous function) [as next] (/Users/jesse/github/rgommezz/react-native-offline/node_modules/regenerator-runtime/runtime.js:114:21)
    at tryCatch (/Users/jesse/github/rgommezz/react-native-offline/node_modules/regenerator-runtime/runtime.js:62:40)
    at invoke (/Users/jesse/github/rgommezz/react-native-offline/node_modules/regenerator-runtime/runtime.js:152:20)
    at /Users/jesse/github/rgommezz/react-native-offline/node_modules/regenerator-runtime/runtime.js:187:11
    at tryCallTwo (/Users/jesse/github/rgommezz/react-native-offline/node_modules/promise/lib/core.js:45:5)
    at doResolve (/Users/jesse/github/rgommezz/react-native-offline/node_modules/promise/lib/core.js:200:13)
    at new Promise (/Users/jesse/github/rgommezz/react-native-offline/node_modules/promise/lib/core.js:66:3)</failure>
    </testcase>
    <testcase classname="makeHttpRequest onerror rejects the promise with the xhr status" name="makeHttpRequest onerror rejects the promise with the xhr status" time="0.001">
      <failure>Error: expect(received).toEqual(expected)

Expected value to equal:
  {&quot;status&quot;: -1}
Received:
  [TypeError: (0 , _makeHttpRequest.makeHttpRequest) is not a function]

Difference:

- Expected
+ Received

- Object {
-   &quot;status&quot;: -1,
- }
+ [TypeError: (0 , _makeHttpRequest.makeHttpRequest) is not a function]
    at Object._callee4$ (/Users/jesse/github/rgommezz/react-native-offline/test/makeHttpRequest.test.ts:160:36)
    at tryCatch (/Users/jesse/github/rgommezz/react-native-offline/node_modules/regenerator-runtime/runtime.js:62:40)
    at Generator.invoke [as _invoke] (/Users/jesse/github/rgommezz/react-native-offline/node_modules/regenerator-runtime/runtime.js:288:22)
    at Generator.prototype.(anonymous function) [as next] (/Users/jesse/github/rgommezz/react-native-offline/node_modules/regenerator-runtime/runtime.js:114:21)
    at tryCatch (/Users/jesse/github/rgommezz/react-native-offline/node_modules/regenerator-runtime/runtime.js:62:40)
    at invoke (/Users/jesse/github/rgommezz/react-native-offline/node_modules/regenerator-runtime/runtime.js:152:20)
    at /Users/jesse/github/rgommezz/react-native-offline/node_modules/regenerator-runtime/runtime.js:187:11
    at tryCallTwo (/Users/jesse/github/rgommezz/react-native-offline/node_modules/promise/lib/core.js:45:5)
    at doResolve (/Users/jesse/github/rgommezz/react-native-offline/node_modules/promise/lib/core.js:200:13)
    at new Promise (/Users/jesse/github/rgommezz/react-native-offline/node_modules/promise/lib/core.js:66:3)</failure>
    </testcase>
    <testcase classname="makeHttpRequest ontimeout rejects the promise with the xhr status" name="makeHttpRequest ontimeout rejects the promise with the xhr status" time="0.001">
      <failure>Error: expect(received).toEqual(expected)

Expected value to equal:
  {&quot;status&quot;: -1}
Received:
  [TypeError: (0 , _makeHttpRequest.makeHttpRequest) is not a function]

Difference:

- Expected
+ Received

- Object {
-   &quot;status&quot;: -1,
- }
+ [TypeError: (0 , _makeHttpRequest.makeHttpRequest) is not a function]
    at Object._callee5$ (/Users/jesse/github/rgommezz/react-native-offline/test/makeHttpRequest.test.ts:173:36)
    at tryCatch (/Users/jesse/github/rgommezz/react-native-offline/node_modules/regenerator-runtime/runtime.js:62:40)
    at Generator.invoke [as _invoke] (/Users/jesse/github/rgommezz/react-native-offline/node_modules/regenerator-runtime/runtime.js:288:22)
    at Generator.prototype.(anonymous function) [as next] (/Users/jesse/github/rgommezz/react-native-offline/node_modules/regenerator-runtime/runtime.js:114:21)
    at tryCatch (/Users/jesse/github/rgommezz/react-native-offline/node_modules/regenerator-runtime/runtime.js:62:40)
    at invoke (/Users/jesse/github/rgommezz/react-native-offline/node_modules/regenerator-runtime/runtime.js:152:20)
    at /Users/jesse/github/rgommezz/react-native-offline/node_modules/regenerator-runtime/runtime.js:187:11
    at tryCallTwo (/Users/jesse/github/rgommezz/react-native-offline/node_modules/promise/lib/core.js:45:5)
    at doResolve (/Users/jesse/github/rgommezz/react-native-offline/node_modules/promise/lib/core.js:200:13)
    at new Promise (/Users/jesse/github/rgommezz/react-native-offline/node_modules/promise/lib/core.js:66:3)</failure>
    </testcase>
  </testsuite>
  <testsuite name="sagas" errors="0" failures="4" skipped="0" timestamp="2019-02-21T00:28:35" time="2.951" tests="17">
    <testcase classname="sagas networkSaga forks netInfoChangeSaga with the right params" name="sagas networkSaga forks netInfoChangeSaga with the right params" time="0.005">
      <failure>TypeError: Cannot read property &apos;apply&apos; of undefined
    at createIterator (/Users/jesse/github/rgommezz/react-native-offline/node_modules/redux-saga-test-plan/lib/testSaga/index.js:179:17)
    at testSaga (/Users/jesse/github/rgommezz/react-native-offline/node_modules/redux-saga-test-plan/lib/testSaga/index.js:64:18)
    at Object.&lt;anonymous&gt; (/Users/jesse/github/rgommezz/react-native-offline/test/sagas.test.ts:34:39)
    at Object.asyncJestTest (/Users/jesse/github/rgommezz/react-native-offline/node_modules/jest-jasmine2/build/jasmine_async.js:108:37)
    at resolve (/Users/jesse/github/rgommezz/react-native-offline/node_modules/jest-jasmine2/build/queue_runner.js:56:12)
    at new Promise (&lt;anonymous&gt;)
    at mapper (/Users/jesse/github/rgommezz/react-native-offline/node_modules/jest-jasmine2/build/queue_runner.js:43:19)
    at promise.then (/Users/jesse/github/rgommezz/react-native-offline/node_modules/jest-jasmine2/build/queue_runner.js:87:41)
    at process._tickCallback (internal/process/next_tick.js:68:7)</failure>
    </testcase>
    <testcase classname="sagas networkSaga forks netInfoChangeSaga AND sets an interval 
    if pingInterval is higher than 0" name="sagas networkSaga forks netInfoChangeSaga AND sets an interval 
    if pingInterval is higher than 0" time="0">
      <failure>TypeError: Cannot read property &apos;apply&apos; of undefined
    at createIterator (/Users/jesse/github/rgommezz/react-native-offline/node_modules/redux-saga-test-plan/lib/testSaga/index.js:179:17)
    at testSaga (/Users/jesse/github/rgommezz/react-native-offline/node_modules/redux-saga-test-plan/lib/testSaga/index.js:64:18)
    at Object.&lt;anonymous&gt; (/Users/jesse/github/rgommezz/react-native-offline/test/sagas.test.ts:44:39)
    at Object.asyncJestTest (/Users/jesse/github/rgommezz/react-native-offline/node_modules/jest-jasmine2/build/jasmine_async.js:108:37)
    at resolve (/Users/jesse/github/rgommezz/react-native-offline/node_modules/jest-jasmine2/build/queue_runner.js:56:12)
    at new Promise (&lt;anonymous&gt;)
    at mapper (/Users/jesse/github/rgommezz/react-native-offline/node_modules/jest-jasmine2/build/queue_runner.js:43:19)
    at promise.then (/Users/jesse/github/rgommezz/react-native-offline/node_modules/jest-jasmine2/build/queue_runner.js:87:41)
    at process._tickCallback (internal/process/next_tick.js:68:7)</failure>
    </testcase>
    <testcase classname="sagas networkSaga default parameters" name="sagas networkSaga default parameters" time="0.001">
      <failure>TypeError: Cannot read property &apos;apply&apos; of undefined
    at createIterator (/Users/jesse/github/rgommezz/react-native-offline/node_modules/redux-saga-test-plan/lib/testSaga/index.js:179:17)
    at testSaga (/Users/jesse/github/rgommezz/react-native-offline/node_modules/redux-saga-test-plan/lib/testSaga/index.js:64:18)
    at Object.&lt;anonymous&gt; (/Users/jesse/github/rgommezz/react-native-offline/test/sagas.test.ts:55:39)
    at Object.asyncJestTest (/Users/jesse/github/rgommezz/react-native-offline/node_modules/jest-jasmine2/build/jasmine_async.js:108:37)
    at resolve (/Users/jesse/github/rgommezz/react-native-offline/node_modules/jest-jasmine2/build/queue_runner.js:56:12)
    at new Promise (&lt;anonymous&gt;)
    at mapper (/Users/jesse/github/rgommezz/react-native-offline/node_modules/jest-jasmine2/build/queue_runner.js:43:19)
    at promise.then (/Users/jesse/github/rgommezz/react-native-offline/node_modules/jest-jasmine2/build/queue_runner.js:87:41)
    at process._tickCallback (internal/process/next_tick.js:68:7)</failure>
    </testcase>
    <testcase classname="sagas netInfoChangeSaga iOS" name="sagas netInfoChangeSaga iOS" time="0.004">
    </testcase>
    <testcase classname="sagas netInfoChangeSaga Android" name="sagas netInfoChangeSaga Android" time="0.001">
    </testcase>
    <testcase classname="sagas netInfoChangeSaga closes the channel when it ends emitting" name="sagas netInfoChangeSaga closes the channel when it ends emitting" time="0.001">
    </testcase>
    <testcase classname="sagas netInfoChangeSaga does NOT close the channel if redux-saga does NOT yield a cancelled effect" name="sagas netInfoChangeSaga does NOT close the channel if redux-saga does NOT yield a cancelled effect" time="0.001">
    </testcase>
    <testcase classname="sagas connectionHandler forks checkInternetAccessSaga if shouldPing AND isConnected are true" name="sagas connectionHandler forks checkInternetAccessSaga if shouldPing AND isConnected are true" time="0">
    </testcase>
    <testcase classname="sagas connectionHandler forks handleConnectivityChange if shouldPing OR isConnected are NOT true" name="sagas connectionHandler forks handleConnectivityChange if shouldPing OR isConnected are NOT true" time="0">
    </testcase>
    <testcase classname="sagas connectionIntervalSaga forks checkInternetAccessSaga if it&apos;s NOT connected or it is,
     but pingOnlyIfOffline is false" name="sagas connectionIntervalSaga forks checkInternetAccessSaga if it&apos;s NOT connected or it is,
     but pingOnlyIfOffline is false" time="0.001">
    </testcase>
    <testcase classname="sagas connectionIntervalSaga does NOT fork checkInternetAccessSaga if it&apos;s connected 
    AND pingOnlyIfOffline is true" name="sagas connectionIntervalSaga does NOT fork checkInternetAccessSaga if it&apos;s connected 
    AND pingOnlyIfOffline is true" time="0.001">
    </testcase>
    <testcase classname="sagas connectionIntervalSaga closes the channel when it ends emitting" name="sagas connectionIntervalSaga closes the channel when it ends emitting" time="0">
    </testcase>
    <testcase classname="sagas connectionIntervalSaga does NOT close the channel if redux-saga does NOT yield a cancelled effect" name="sagas connectionIntervalSaga does NOT close the channel if redux-saga does NOT yield a cancelled effect" time="0">
    </testcase>
    <testcase classname="sagas checkInternetAccessSaga returns early if pingInBackground is false AND app state is NOT active" name="sagas checkInternetAccessSaga returns early if pingInBackground is false AND app state is NOT active" time="0.001">
    </testcase>
    <testcase classname="sagas checkInternetAccessSaga calls checkInternetAccess AND handleConnectivityChange" name="sagas checkInternetAccessSaga calls checkInternetAccess AND handleConnectivityChange" time="0.001">
      <failure>Error: call: argument fn is undefined
    at check (/Users/jesse/github/rgommezz/react-native-offline/node_modules/redux-saga/lib/internal/utils.js:45:11)
    at getFnCallDesc (/Users/jesse/github/rgommezz/react-native-offline/node_modules/redux-saga/lib/internal/io.js:109:20)
    at call (/Users/jesse/github/rgommezz/react-native-offline/node_modules/redux-saga/lib/internal/io.js:134:23)
    at Object.call (/Users/jesse/github/rgommezz/react-native-offline/node_modules/redux-saga-test-plan/lib/testSaga/index.js:83:114)
    at Object.&lt;anonymous&gt; (/Users/jesse/github/rgommezz/react-native-offline/test/sagas.test.ts:290:7)
    at Object.asyncJestTest (/Users/jesse/github/rgommezz/react-native-offline/node_modules/jest-jasmine2/build/jasmine_async.js:108:37)
    at resolve (/Users/jesse/github/rgommezz/react-native-offline/node_modules/jest-jasmine2/build/queue_runner.js:56:12)
    at new Promise (&lt;anonymous&gt;)
    at mapper (/Users/jesse/github/rgommezz/react-native-offline/node_modules/jest-jasmine2/build/queue_runner.js:43:19)
    at promise.then (/Users/jesse/github/rgommezz/react-native-offline/node_modules/jest-jasmine2/build/queue_runner.js:87:41)</failure>
    </testcase>
    <testcase classname="sagas handleConnectivityChange dispatches a CONNECTION_CHANGE action if the connection changed " name="sagas handleConnectivityChange dispatches a CONNECTION_CHANGE action if the connection changed " time="0">
    </testcase>
    <testcase classname="sagas handleConnectivityChange does NOT dispatch if connection did NOT change and we are offline" name="sagas handleConnectivityChange does NOT dispatch if connection did NOT change and we are offline" time="0">
    </testcase>
  </testsuite>
  <testsuite name="createNetInfoConnectionChangeChannel" errors="0" failures="2" skipped="0" timestamp="2019-02-21T00:28:35" time="2.962" tests="4">
    <testcase classname="createNetInfoConnectionChangeChannel returns a redux-saga channel" name="createNetInfoConnectionChangeChannel returns a redux-saga channel" time="0.004">
      <failure>TypeError: _reduxSaga.eventChannel.mockImplementation is not a function
    at Object.&lt;anonymous&gt; (/Users/jesse/github/rgommezz/react-native-offline/test/sagaChannels.test.ts:16:29)
    at Object.asyncJestTest (/Users/jesse/github/rgommezz/react-native-offline/node_modules/jest-jasmine2/build/jasmine_async.js:108:37)
    at resolve (/Users/jesse/github/rgommezz/react-native-offline/node_modules/jest-jasmine2/build/queue_runner.js:56:12)
    at new Promise (&lt;anonymous&gt;)
    at mapper (/Users/jesse/github/rgommezz/react-native-offline/node_modules/jest-jasmine2/build/queue_runner.js:43:19)
    at promise.then (/Users/jesse/github/rgommezz/react-native-offline/node_modules/jest-jasmine2/build/queue_runner.js:87:41)
    at process._tickCallback (internal/process/next_tick.js:68:7)</failure>
    </testcase>
    <testcase classname="createNetInfoConnectionChangeChannel netInfoEventChannelFn adheres to eventChannel cb interface" name="createNetInfoConnectionChangeChannel netInfoEventChannelFn adheres to eventChannel cb interface" time="0.004">
    </testcase>
    <testcase classname="createIntervalChannel returns a redux-saga channel" name="createIntervalChannel returns a redux-saga channel" time="0.001">
      <failure>TypeError: _reduxSaga.eventChannel.mockImplementation is not a function
    at Object.&lt;anonymous&gt; (/Users/jesse/github/rgommezz/react-native-offline/test/sagaChannels.test.ts:37:29)
    at Object.asyncJestTest (/Users/jesse/github/rgommezz/react-native-offline/node_modules/jest-jasmine2/build/jasmine_async.js:108:37)
    at resolve (/Users/jesse/github/rgommezz/react-native-offline/node_modules/jest-jasmine2/build/queue_runner.js:56:12)
    at new Promise (&lt;anonymous&gt;)
    at mapper (/Users/jesse/github/rgommezz/react-native-offline/node_modules/jest-jasmine2/build/queue_runner.js:43:19)
    at promise.then (/Users/jesse/github/rgommezz/react-native-offline/node_modules/jest-jasmine2/build/queue_runner.js:87:41)
    at process._tickCallback (internal/process/next_tick.js:68:7)</failure>
    </testcase>
    <testcase classname="createIntervalChannel intervalChannelFn adheres to eventChannel cb interface" name="createIntervalChannel intervalChannelFn adheres to eventChannel cb interface" time="0.075">
    </testcase>
  </testsuite>
  <testsuite name="createNetworkMiddleware with actionTypes in config" errors="0" failures="9" skipped="0" timestamp="2019-02-21T00:28:35" time="3.066" tests="20">
    <testcase classname="createNetworkMiddleware with actionTypes in config action DOES NOT match criteria" name="createNetworkMiddleware with actionTypes in config action DOES NOT match criteria" time="0.006">
    </testcase>
    <testcase classname="createNetworkMiddleware with actionTypes in config action MATCHES criteria, status ONLINE" name="createNetworkMiddleware with actionTypes in config action MATCHES criteria, status ONLINE" time="0.001">
    </testcase>
    <testcase classname="createNetworkMiddleware with actionTypes in config action MATCHES criteria through REGEX, status OFFLINE" name="createNetworkMiddleware with actionTypes in config action MATCHES criteria through REGEX, status OFFLINE" time="0.001">
    </testcase>
    <testcase classname="createNetworkMiddleware with actionTypes in config action MATCHES criteria through ARRAY of ACTION TYPES, status OFFLINE" name="createNetworkMiddleware with actionTypes in config action MATCHES criteria through ARRAY of ACTION TYPES, status OFFLINE" time="0">
    </testcase>
    <testcase classname="createNetworkMiddleware with actionTypes in config action ENQUEUED, status back ONLINE" name="createNetworkMiddleware with actionTypes in config action ENQUEUED, status back ONLINE" time="0.005">
    </testcase>
    <testcase classname="createNetworkMiddleware with NO CONFIG encountered a declaration exception" name="createNetworkMiddleware with NO CONFIG encountered a declaration exception" time="0.003">
      <failure>TypeError: Cannot read property &apos;regexActionType&apos; of undefined
    at createNetworkMiddleware (/Users/jesse/github/rgommezz/react-native-offline/src/redux/createNetworkMiddleware.ts:2341:88)
    at Suite.&lt;anonymous&gt; (/Users/jesse/github/rgommezz/react-native-offline/test/createNetworkMiddleware.test.ts:110:64)
    at addSpecsToSuite (/Users/jesse/github/rgommezz/react-native-offline/node_modules/jest-jasmine2/build/jasmine/Env.js:339:25)
    at Env.describe (/Users/jesse/github/rgommezz/react-native-offline/node_modules/jest-jasmine2/build/jasmine/Env.js:308:7)
    at describe (/Users/jesse/github/rgommezz/react-native-offline/node_modules/jest-jasmine2/build/jasmine/jasmine_light.js:99:18)
    at Object.&lt;anonymous&gt; (/Users/jesse/github/rgommezz/react-native-offline/test/createNetworkMiddleware.test.ts:109:1)
    at Runtime._execModule (/Users/jesse/github/rgommezz/react-native-offline/node_modules/jest-runtime/build/index.js:694:13)
    at Runtime.requireModule (/Users/jesse/github/rgommezz/react-native-offline/node_modules/jest-runtime/build/index.js:376:14)
    at /Users/jesse/github/rgommezz/react-native-offline/node_modules/jest-jasmine2/build/index.js:129:13
    at Generator.next (&lt;anonymous&gt;)</failure>
    </testcase>
    <testcase classname="createNetworkMiddleware with different REGEX config REFRESH_ACTION MATCHES through REGEX in OFFLINE mode" name="createNetworkMiddleware with different REGEX config REFRESH_ACTION MATCHES through REGEX in OFFLINE mode" time="0.001">
    </testcase>
    <testcase classname="createNetworkMiddleware with different REGEX config FETCH_ACTION type no longer matches default REGEX" name="createNetworkMiddleware with different REGEX config FETCH_ACTION type no longer matches default REGEX" time="0">
    </testcase>
    <testcase classname="createNetworkMiddleware with thunks thunk does NOT match criteria" name="createNetworkMiddleware with thunks thunk does NOT match criteria" time="0.001">
      <failure>TypeError: Cannot read property &apos;regexActionType&apos; of undefined
    at createNetworkMiddleware (/Users/jesse/github/rgommezz/react-native-offline/src/redux/createNetworkMiddleware.ts:2341:88)
    at Object.&lt;anonymous&gt; (/Users/jesse/github/rgommezz/react-native-offline/test/createNetworkMiddleware.test.ts:194:66)
    at Object.asyncJestTest (/Users/jesse/github/rgommezz/react-native-offline/node_modules/jest-jasmine2/build/jasmine_async.js:108:37)
    at resolve (/Users/jesse/github/rgommezz/react-native-offline/node_modules/jest-jasmine2/build/queue_runner.js:56:12)
    at new Promise (&lt;anonymous&gt;)
    at mapper (/Users/jesse/github/rgommezz/react-native-offline/node_modules/jest-jasmine2/build/queue_runner.js:43:19)
    at promise.then (/Users/jesse/github/rgommezz/react-native-offline/node_modules/jest-jasmine2/build/queue_runner.js:87:41)
    at process._tickCallback (internal/process/next_tick.js:68:7)</failure>
    </testcase>
    <testcase classname="createNetworkMiddleware with thunks thunk MATCHES criteria and we are OFFLINE" name="createNetworkMiddleware with thunks thunk MATCHES criteria and we are OFFLINE" time="0">
      <failure>TypeError: Cannot read property &apos;regexActionType&apos; of undefined
    at createNetworkMiddleware (/Users/jesse/github/rgommezz/react-native-offline/src/redux/createNetworkMiddleware.ts:2341:88)
    at Object.&lt;anonymous&gt; (/Users/jesse/github/rgommezz/react-native-offline/test/createNetworkMiddleware.test.ts:214:66)
    at Object.asyncJestTest (/Users/jesse/github/rgommezz/react-native-offline/node_modules/jest-jasmine2/build/jasmine_async.js:108:37)
    at resolve (/Users/jesse/github/rgommezz/react-native-offline/node_modules/jest-jasmine2/build/queue_runner.js:56:12)
    at new Promise (&lt;anonymous&gt;)
    at mapper (/Users/jesse/github/rgommezz/react-native-offline/node_modules/jest-jasmine2/build/queue_runner.js:43:19)
    at promise.then (/Users/jesse/github/rgommezz/react-native-offline/node_modules/jest-jasmine2/build/queue_runner.js:87:41)
    at process._tickCallback (internal/process/next_tick.js:68:7)</failure>
    </testcase>
    <testcase classname="createNetworkMiddleware with thunks thunk enqueued, regex MATCHES criteria, back ONLINE -&gt; thunk gets redispatched" name="createNetworkMiddleware with thunks thunk enqueued, regex MATCHES criteria, back ONLINE -&gt; thunk gets redispatched" time="0">
      <failure>TypeError: Cannot read property &apos;regexActionType&apos; of undefined
    at createNetworkMiddleware (/Users/jesse/github/rgommezz/react-native-offline/src/redux/createNetworkMiddleware.ts:2341:88)
    at Object.&lt;anonymous&gt; (/Users/jesse/github/rgommezz/react-native-offline/test/createNetworkMiddleware.test.ts:233:66)
    at Object.asyncJestTest (/Users/jesse/github/rgommezz/react-native-offline/node_modules/jest-jasmine2/build/jasmine_async.js:108:37)
    at resolve (/Users/jesse/github/rgommezz/react-native-offline/node_modules/jest-jasmine2/build/queue_runner.js:56:12)
    at new Promise (&lt;anonymous&gt;)
    at mapper (/Users/jesse/github/rgommezz/react-native-offline/node_modules/jest-jasmine2/build/queue_runner.js:43:19)
    at promise.then (/Users/jesse/github/rgommezz/react-native-offline/node_modules/jest-jasmine2/build/queue_runner.js:87:41)
    at process._tickCallback (internal/process/next_tick.js:68:7)</failure>
    </testcase>
    <testcase classname="createNetworkMiddleware with dismissing actions functionality Plain objects NO actions enqueued with dismiss options" name="createNetworkMiddleware with dismissing actions functionality Plain objects NO actions enqueued with dismiss options" time="0">
      <failure>TypeError: Cannot read property &apos;regexActionType&apos; of undefined
    at createNetworkMiddleware (/Users/jesse/github/rgommezz/react-native-offline/src/redux/createNetworkMiddleware.ts:2341:88)
    at Object.&lt;anonymous&gt; (/Users/jesse/github/rgommezz/react-native-offline/test/createNetworkMiddleware.test.ts:272:68)
    at Object.asyncJestTest (/Users/jesse/github/rgommezz/react-native-offline/node_modules/jest-jasmine2/build/jasmine_async.js:108:37)
    at resolve (/Users/jesse/github/rgommezz/react-native-offline/node_modules/jest-jasmine2/build/queue_runner.js:56:12)
    at new Promise (&lt;anonymous&gt;)
    at mapper (/Users/jesse/github/rgommezz/react-native-offline/node_modules/jest-jasmine2/build/queue_runner.js:43:19)
    at promise.then (/Users/jesse/github/rgommezz/react-native-offline/node_modules/jest-jasmine2/build/queue_runner.js:87:41)
    at process._tickCallback (internal/process/next_tick.js:68:7)</failure>
    </testcase>
    <testcase classname="createNetworkMiddleware with dismissing actions functionality Plain objects SOME actions enqueued with dismiss options" name="createNetworkMiddleware with dismissing actions functionality Plain objects SOME actions enqueued with dismiss options" time="0">
      <failure>TypeError: Cannot read property &apos;regexActionType&apos; of undefined
    at createNetworkMiddleware (/Users/jesse/github/rgommezz/react-native-offline/src/redux/createNetworkMiddleware.ts:2341:88)
    at Object.&lt;anonymous&gt; (/Users/jesse/github/rgommezz/react-native-offline/test/createNetworkMiddleware.test.ts:292:68)
    at Object.asyncJestTest (/Users/jesse/github/rgommezz/react-native-offline/node_modules/jest-jasmine2/build/jasmine_async.js:108:37)
    at resolve (/Users/jesse/github/rgommezz/react-native-offline/node_modules/jest-jasmine2/build/queue_runner.js:56:12)
    at new Promise (&lt;anonymous&gt;)
    at mapper (/Users/jesse/github/rgommezz/react-native-offline/node_modules/jest-jasmine2/build/queue_runner.js:43:19)
    at promise.then (/Users/jesse/github/rgommezz/react-native-offline/node_modules/jest-jasmine2/build/queue_runner.js:87:41)
    at process._tickCallback (internal/process/next_tick.js:68:7)</failure>
    </testcase>
    <testcase classname="createNetworkMiddleware with dismissing actions functionality Plain objects SOME actions enqueued with dismiss options, but no match" name="createNetworkMiddleware with dismissing actions functionality Plain objects SOME actions enqueued with dismiss options, but no match" time="0.001">
      <failure>TypeError: Cannot read property &apos;regexActionType&apos; of undefined
    at createNetworkMiddleware (/Users/jesse/github/rgommezz/react-native-offline/src/redux/createNetworkMiddleware.ts:2341:88)
    at Object.&lt;anonymous&gt; (/Users/jesse/github/rgommezz/react-native-offline/test/createNetworkMiddleware.test.ts:319:68)
    at Object.asyncJestTest (/Users/jesse/github/rgommezz/react-native-offline/node_modules/jest-jasmine2/build/jasmine_async.js:108:37)
    at resolve (/Users/jesse/github/rgommezz/react-native-offline/node_modules/jest-jasmine2/build/queue_runner.js:56:12)
    at new Promise (&lt;anonymous&gt;)
    at mapper (/Users/jesse/github/rgommezz/react-native-offline/node_modules/jest-jasmine2/build/queue_runner.js:43:19)
    at promise.then (/Users/jesse/github/rgommezz/react-native-offline/node_modules/jest-jasmine2/build/queue_runner.js:87:41)
    at process._tickCallback (internal/process/next_tick.js:68:7)</failure>
    </testcase>
    <testcase classname="createNetworkMiddleware with dismissing actions functionality thunks Thunks enqueued with NO dismiss options" name="createNetworkMiddleware with dismissing actions functionality thunks Thunks enqueued with NO dismiss options" time="0">
      <failure>TypeError: Cannot read property &apos;regexActionType&apos; of undefined
    at createNetworkMiddleware (/Users/jesse/github/rgommezz/react-native-offline/src/redux/createNetworkMiddleware.ts:2341:88)
    at Object.&lt;anonymous&gt; (/Users/jesse/github/rgommezz/react-native-offline/test/createNetworkMiddleware.test.ts:348:68)
    at Object.asyncJestTest (/Users/jesse/github/rgommezz/react-native-offline/node_modules/jest-jasmine2/build/jasmine_async.js:108:37)
    at resolve (/Users/jesse/github/rgommezz/react-native-offline/node_modules/jest-jasmine2/build/queue_runner.js:56:12)
    at new Promise (&lt;anonymous&gt;)
    at mapper (/Users/jesse/github/rgommezz/react-native-offline/node_modules/jest-jasmine2/build/queue_runner.js:43:19)
    at promise.then (/Users/jesse/github/rgommezz/react-native-offline/node_modules/jest-jasmine2/build/queue_runner.js:87:41)
    at process._tickCallback (internal/process/next_tick.js:68:7)</failure>
    </testcase>
    <testcase classname="createNetworkMiddleware with dismissing actions functionality thunks SOME thunks enqueued with dismiss options" name="createNetworkMiddleware with dismissing actions functionality thunks SOME thunks enqueued with dismiss options" time="0">
      <failure>TypeError: Cannot read property &apos;regexActionType&apos; of undefined
    at createNetworkMiddleware (/Users/jesse/github/rgommezz/react-native-offline/src/redux/createNetworkMiddleware.ts:2341:88)
    at Object.&lt;anonymous&gt; (/Users/jesse/github/rgommezz/react-native-offline/test/createNetworkMiddleware.test.ts:371:68)
    at Object.asyncJestTest (/Users/jesse/github/rgommezz/react-native-offline/node_modules/jest-jasmine2/build/jasmine_async.js:108:37)
    at resolve (/Users/jesse/github/rgommezz/react-native-offline/node_modules/jest-jasmine2/build/queue_runner.js:56:12)
    at new Promise (&lt;anonymous&gt;)
    at mapper (/Users/jesse/github/rgommezz/react-native-offline/node_modules/jest-jasmine2/build/queue_runner.js:43:19)
    at promise.then (/Users/jesse/github/rgommezz/react-native-offline/node_modules/jest-jasmine2/build/queue_runner.js:87:41)
    at process._tickCallback (internal/process/next_tick.js:68:7)</failure>
    </testcase>
    <testcase classname="createReleaseQueue empties the queue if we are online" name="createReleaseQueue empties the queue if we are online" time="0.107">
    </testcase>
    <testcase classname="createReleaseQueue dispatches only during the online window" name="createReleaseQueue dispatches only during the online window" time="0.053">
    </testcase>
    <testcase classname="createNetworkMiddleware with wrong type params invalid regex" name="createNetworkMiddleware with wrong type params invalid regex" time="0.002">
    </testcase>
    <testcase classname="createNetworkMiddleware with wrong type params invalid actionTypes" name="createNetworkMiddleware with wrong type params invalid actionTypes" time="0.002">
    </testcase>
  </testsuite>
  <testsuite name="checkInternetAccess" errors="0" failures="3" skipped="0" timestamp="2019-02-21T00:28:35" time="3.459" tests="3">
    <testcase classname="checkInternetAccess uses defaults parameters if no args are passed" name="checkInternetAccess uses defaults parameters if no args are passed" time="0.006">
      <failure>TypeError: Cannot read property &apos;method&apos; of undefined
    at checkInternetAccess (/Users/jesse/github/rgommezz/react-native-offline/src/utils/checkInternetAccess.ts:567:76)
    at Object._callee$ (/Users/jesse/github/rgommezz/react-native-offline/test/checkInternetAccess.test.ts:20:46)
    at tryCatch (/Users/jesse/github/rgommezz/react-native-offline/node_modules/regenerator-runtime/runtime.js:62:40)
    at Generator.invoke [as _invoke] (/Users/jesse/github/rgommezz/react-native-offline/node_modules/regenerator-runtime/runtime.js:288:22)
    at Generator.prototype.(anonymous function) [as next] (/Users/jesse/github/rgommezz/react-native-offline/node_modules/regenerator-runtime/runtime.js:114:21)
    at tryCatch (/Users/jesse/github/rgommezz/react-native-offline/node_modules/regenerator-runtime/runtime.js:62:40)
    at invoke (/Users/jesse/github/rgommezz/react-native-offline/node_modules/regenerator-runtime/runtime.js:152:20)
    at /Users/jesse/github/rgommezz/react-native-offline/node_modules/regenerator-runtime/runtime.js:187:11
    at tryCallTwo (/Users/jesse/github/rgommezz/react-native-offline/node_modules/promise/lib/core.js:45:5)
    at doResolve (/Users/jesse/github/rgommezz/react-native-offline/node_modules/promise/lib/core.js:200:13)</failure>
    </testcase>
    <testcase classname="checkInternetAccess resolves to true if there is Internet access" name="checkInternetAccess resolves to true if there is Internet access" time="0.009">
      <failure>Error: expect(jest.fn())[.not].toHaveBeenCalledWith()

jest.fn() value must be a mock function or spy.
Received:
  function: [Function makeHttpRequest]
    at Object._callee2$ (/Users/jesse/github/rgommezz/react-native-offline/test/checkInternetAccess.test.ts:38:46)
    at tryCatch (/Users/jesse/github/rgommezz/react-native-offline/node_modules/regenerator-runtime/runtime.js:62:40)
    at Generator.invoke [as _invoke] (/Users/jesse/github/rgommezz/react-native-offline/node_modules/regenerator-runtime/runtime.js:288:22)
    at Generator.prototype.(anonymous function) [as next] (/Users/jesse/github/rgommezz/react-native-offline/node_modules/regenerator-runtime/runtime.js:114:21)
    at tryCatch (/Users/jesse/github/rgommezz/react-native-offline/node_modules/regenerator-runtime/runtime.js:62:40)
    at invoke (/Users/jesse/github/rgommezz/react-native-offline/node_modules/regenerator-runtime/runtime.js:152:20)
    at /Users/jesse/github/rgommezz/react-native-offline/node_modules/regenerator-runtime/runtime.js:162:13
    at tryCallOne (/Users/jesse/github/rgommezz/react-native-offline/node_modules/promise/lib/core.js:37:12)
    at /Users/jesse/github/rgommezz/react-native-offline/node_modules/promise/lib/core.js:123:15
    at flush (/Users/jesse/github/rgommezz/react-native-offline/node_modules/asap/raw.js:50:29)</failure>
    </testcase>
    <testcase classname="checkInternetAccess resolves to false if there is NOT Internet access" name="checkInternetAccess resolves to false if there is NOT Internet access" time="0.001">
      <failure>Error: expect(jest.fn())[.not].toHaveBeenCalledWith()

jest.fn() value must be a mock function or spy.
Received:
  function: [Function makeHttpRequest]
    at Object._callee3$ (/Users/jesse/github/rgommezz/react-native-offline/test/checkInternetAccess.test.ts:57:46)
    at tryCatch (/Users/jesse/github/rgommezz/react-native-offline/node_modules/regenerator-runtime/runtime.js:62:40)
    at Generator.invoke [as _invoke] (/Users/jesse/github/rgommezz/react-native-offline/node_modules/regenerator-runtime/runtime.js:288:22)
    at Generator.prototype.(anonymous function) [as next] (/Users/jesse/github/rgommezz/react-native-offline/node_modules/regenerator-runtime/runtime.js:114:21)
    at tryCatch (/Users/jesse/github/rgommezz/react-native-offline/node_modules/regenerator-runtime/runtime.js:62:40)
    at invoke (/Users/jesse/github/rgommezz/react-native-offline/node_modules/regenerator-runtime/runtime.js:152:20)
    at /Users/jesse/github/rgommezz/react-native-offline/node_modules/regenerator-runtime/runtime.js:162:13
    at tryCallOne (/Users/jesse/github/rgommezz/react-native-offline/node_modules/promise/lib/core.js:37:12)
    at /Users/jesse/github/rgommezz/react-native-offline/node_modules/promise/lib/core.js:123:15
    at flush (/Users/jesse/github/rgommezz/react-native-offline/node_modules/asap/raw.js:50:29)</failure>
    </testcase>
  </testsuite>
</testsuites>